// Jest Snapshot v1, https://goo.gl/fbAQLP

exports[`ImageLink Form Component expect Image Link component is rendered 1`] = `
<div>
  <p
    className="f3 center pa4"
  >
    This app recognizes face from images. Check it out!
  </p>
  <div
    className="center"
  >
    <div
      className="form center pa3 shadow-5 br3"
    >
      <input
        className="f4 pa2 w-70 center"
        onChange={[MockFunction]}
        type="text"
      />
      <button
        className="w-30 grow f4 link dib bg-purple white pv2 ph3 "
        onClick={[MockFunction]}
      >
        Detect
      </button>
    </div>
  </div>
</div>
`;
